login as: pconrad
pconrad@csil.cs.ucsb.edu's password:
Last login: Tue Feb 16 10:04:34 2010 from pool-71-102-229-224.snloca.dsl-w.verizon.net

Welcome to Computer Science's Remote Access server -- csil.cs.ucsb.edu

This is a shared resource.  You should run your graphically intensive programs on specific workstations in CSIL.

-bash-3.2$ cd public_html/cs16/10W/lectures/
-bash-3.2$ ls
01.12  01.14  01.19  01.21  01.26  01.28  02.04  02.09  02.11  02.16
-bash-3.2$ cd 02.16
-bash-3.2$ ls
handout.pdf  index.html
-bash-3.2$ mkdir files
-bash-3.2$ cd files
-bash-3.2$ emacs pointDemo.c
-bash-3.2$ emacs pointDemo.c
-bash-3.2$ make pointDemo
cc     pointDemo.c   -o pointDemo
/tmp/ccEwdiF4.o: In function `polarToXY':
pointDemo.c:(.text+0x110): undefined reference to `cos'
pointDemo.c:(.text+0x121): undefined reference to `sin'
collect2: ld returned 1 exit status
make: *** [pointDemo] Error 1
-bash-3.2$ cc pointDemo.o -o pointDemo
cc: pointDemo.o: No such file or directory
cc: no input files
-bash-3.2$ cc pointDemo.c -o pointDemo
/tmp/cceg9EuO.o: In function `polarToXY':
pointDemo.c:(.text+0x110): undefined reference to `cos'
pointDemo.c:(.text+0x121): undefined reference to `sin'
collect2: ld returned 1 exit status
-bash-3.2$ cc -lm pointDemo.c -o pointDemo
-bash-3.2$ cc pointDemo.c -o pointDemo
/tmp/ccmJOSko.o: In function `polarToXY':
pointDemo.c:(.text+0x110): undefined reference to `cos'
pointDemo.c:(.text+0x121): undefined reference to `sin'
collect2: ld returned 1 exit status
-bash-3.2$ cc -lm pointDemo.c -o pointDemo
-bash-3.2$ ./pointDemo
Usage: ./pointDemo radius theta
-bash-3.2$ ./pointDemo 1 0
(1.000000,0.000000)
-bash-3.2$ 1 3.1415
-bash: 1: command not found
-bash-3.2$ ./pointDemo 1 3.141
(-1.000000,0.000593)
-bash-3.2$ ./pointDemo 1 3.141592653
(-1.000000,0.000000)
-bash-3.2$ more pointDemo.c
// pointDemo.c   P. Conrad for CS16, Winter 2010
// convert polar coordinates   to x,y

#include <math.h> // for sin and cos
#include <stdio.h>
#include <stdlib.h> // for atof

struct Point {
  double x;
  double y;

};

void printPoint(struct Point p );
struct Point polarToXY(double radius, double   theta);

int main(int argc, char *argv[])
{
  double radius, theta;
  struct Point p;

  if (argc != 3)
    {
-bash-3.2$ cp pointDemo. pointDemo2.c
cp: cannot stat `pointDemo.': No such file or directory
-bash-3.2$ cp pointDemo.c pointDemo2.c
-bash-3.2$ emacs pointDemo2.c
-bash-3.2$ make pointDemo2
cc     pointDemo2.c   -o pointDemo2
pointDemo2.c: In function ÃainÃ
pointDemo2.c:42: error: incompatible type for argument 1 of ÃolarToXYÃpointDemo2.c:42: error: too many arguments to function ÃolarToXYÃpointDemo2.c: In function ÃolarToXYÃ
pointDemo2.c:60: error: ÃadiusÃundeclared (first use in this function)
pointDemo2.c:60: error: (Each undeclared identifier is reported only once
pointDemo2.c:60: error: for each function it appears in.)
pointDemo2.c:60: error: ÃhetaÃundeclared (first use in this function)
pointDemo2.c: At top level:
pointDemo2.c:67: error: conflicting types for ÃolarToXYÃpointDemo2.c:57: error: previous definition of ÃolarToXYÃwas here
pointDemo2.c: In function ÃakePolarPointÃ
pointDemo2.c:93: error: incompatible types in return
make: *** [pointDemo2] Error 1
-bash-3.2$
